Command: C:\Espressif\python_env\idf5.5_py3.11_env\Scripts\python.exe C:\Espressif\frameworks\esp-idf-v5.5.2\tools/idf_monitor.py -p COM4 -b 115200 --toolchain-prefix xtensa-esp32s3-elf- --target esp32s3 --revision 0 Q:\Documents\Claude\ESP32 Color Code\node_esp\build\node_esp.elf Q:\Documents\Claude\ESP32 Color Code\node_esp\build\bootloader\bootloader.elf --force-color -m 'C:\Espressif\python_env\idf5.5_py3.11_env\Scripts\python.exe' 'C:\Espressif\frameworks\esp-idf-v5.5.2\tools\idf.py'
ESP-ROM:esp32s3-20210327
Build:Mar 27 2021
rst:0x1 (POWERON),boot:0x8 (SPI_FAST_FLASH_BOOT)
SPIWP:0xee
mode:DIO, clock div:1
load:0x3fce2820,len:0x158c
load:0x403c8700,len:0xd24
load:0x403cb700,len:0x2f34
entry 0x403c8924
[0;32mI (24) boot: ESP-IDF v5.5.2 2nd stage bootloader[0m
[0;32mI (25) boot: compile time Mar 29 2026 01:04:07[0m
[0;32mI (25) boot: Multicore bootloader[0m
[0;32mI (25) boot: chip revision: v0.2[0m
[0;32mI (28) boot: efuse block revision: v1.3[0m
[0;32mI (31) boot.esp32s3: Boot SPI Speed : 80MHz[0m
[0;32mI (35) boot.esp32s3: SPI Mode       : DIO[0m
[0;32mI (39) boot.esp32s3: SPI Flash Size : 2MB[0m
[0;32mI (43) boot: Enabling RNG early entropy source...[0m
[0;32mI (47) boot: Partition Table:[0m
[0;32mI (50) boot: ## Label            Usage          Type ST Offset   Length[0m
[0;32mI (56) boot:  0 nvs              WiFi data        01 02 00009000 00006000[0m
[0;32mI (63) boot:  1 phy_init         RF data          01 01 0000f000 00001000[0m
[0;32mI (69) boot:  2 factory          factory app      00 00 00010000 00100000[0m
[0;32mI (76) boot: End of partition table[0m
[0;32mI (79) esp_image: segment 0: paddr=00010020 vaddr=3c020020 size=0a1ach ( 41388) map[0m
[0;32mI (94) esp_image: segment 1: paddr=0001a1d4 vaddr=3fc92500 size=02af0h ( 10992) load[0m
[0;32mI (96) esp_image: segment 2: paddr=0001cccc vaddr=40374000 size=0334ch ( 13132) load[0m
[0;32mI (104) esp_image: segment 3: paddr=00020020 vaddr=42000020 size=13484h ( 78980) map[0m
[0;32mI (123) esp_image: segment 4: paddr=000334ac vaddr=4037734c size=0b17ch ( 45436) load[0m
[0;32mI (133) esp_image: segment 5: paddr=0003e630 vaddr=50000000 size=00020h (    32) load[0m
[0;32mI (139) boot: Loaded app from partition at offset 0x10000[0m
[0;32mI (139) boot: Disabling RNG early entropy source...[0m
[0;32mI (150) cpu_start: Multicore app[0m
[0;32mI (159) cpu_start: GPIO 44 and 43 are used as console UART I/O pins[0m
[0;32mI (160) cpu_start: Pro cpu start user code[0m
[0;32mI (160) cpu_start: cpu freq: 160000000 Hz[0m
[0;32mI (161) app_init: Application information:[0m
[0;32mI (165) app_init: Project name:     sensor_test[0m
[0;32mI (169) app_init: App version:      1[0m
[0;32mI (173) app_init: Compile time:     Mar 29 2026 01:03:58[0m
[0;32mI (178) app_init: ELF file SHA256:  c08010d55...[0m
[0;32mI (182) app_init: ESP-IDF:          v5.5.2[0m
[0;32mI (186) efuse_init: Min chip rev:     v0.0[0m
[0;32mI (190) efuse_init: Max chip rev:     v0.99 [0m
[0;32mI (194) efuse_init: Chip rev:         v0.2[0m
[0;32mI (198) heap_init: Initializing. RAM available for dynamic allocation:[0m
[0;32mI (204) heap_init: At 3FC958C8 len 00053E48 (335 KiB): RAM[0m
[0;32mI (209) heap_init: At 3FCE9710 len 00005724 (21 KiB): RAM[0m
[0;32mI (214) heap_init: At 3FCF0000 len 00008000 (32 KiB): DRAM[0m
[0;32mI (219) heap_init: At 600FE000 len 00001FE8 (7 KiB): RTCRAM[0m
[0;32mI (226) spi_flash: detected chip: boya[0m
[0;32mI (228) spi_flash: flash io: dio[0m
[0;33mW (231) spi_flash: Detected size(16384k) larger than the size in the binary image header(2048k). Using the size in the binary image header.[0m
[0;32mI (243) sleep_gpio: Configure to isolate all GPIO pins in sleep state[0m
[0;32mI (250) sleep_gpio: Enable automatic switching of GPIO sleep configuration[0m
[0;32mI (257) main_task: Started on CPU0[0m
[0;32mI (277) main_task: Calling app_main()[0m
{"moisture":2.9,"ph":6.62,"ec":4.145,"temp":33.5,"n":87.3,"p":168.9,"k":15.1}
{"moisture":67.9,"ph":8.42,"ec":2.268,"temp":15.2,"n":126.7,"p":156.6,"k":10.8}
{"moisture":9.6,"ph":8.10,"ec":0.465,"temp":26.1,"n":64.0,"p":1.5,"k":136.5}
{"moisture":69.8,"ph":5.51,"ec":0.268,"temp":35.5,"n":177.9,"p":113.3,"k":153.1}
{"moisture":78.8,"ph":7.38,"ec":4.855,"temp":25.0,"n":102.5,"p":179.3,"k":31.7}
{"moisture":90.5,"ph":7.37,"ec":2.636,"temp":27.3,"n":91.2,"p":12.1,"k":16.6}
{"moisture":70.2,"ph":5.15,"ec":2.777,"temp":12.0,"n":75.2,"p":124.3,"k":1.7}
{"moisture":87.6,"ph":5.89,"ec":0.034,"temp":19.6,"n":125.8,"p":80.7,"k":30.0}
{"moisture":10.1,"ph":8.92,"ec":0.380,"temp":33.5,"n":196.9,"p":15.9,"k":127.8}
