Command: C:\Espressif\python_env\idf5.5_py3.11_env\Scripts\python.exe C:\Espressif\frameworks\esp-idf-v5.5.2\tools/idf_monitor.py -p COM4 -b 115200 --toolchain-prefix xtensa-esp32s3-elf- --target esp32s3 --revision 0 Q:\Documents\Claude\ESP32 Color Code\node_esp\build\node_esp.elf Q:\Documents\Claude\ESP32 Color Code\node_esp\build\bootloader\bootloader.elf --force-color -m 'C:\Espressif\python_env\idf5.5_py3.11_env\Scripts\python.exe' 'C:\Espressif\frameworks\esp-idf-v5.5.2\tools\idf.py'
ESP-ROM:esp32s3-20210327
Build:Mar 27 2021
rst:0x1 (POWERON),boot:0x8 (SPI_FAST_FLASH_BOOT)
SPIWP:0xee
mode:DIO, clock div:1
load:0x3fce2820,len:0x158c
load:0x403c8700,len:0xd24
load:0x403cb700,len:0x2f34
entry 0x403c8924
[0;32mI (24) boot: ESP-IDF v5.5.2 2nd stage bootloader[0m
[0;32mI (25) boot: compile time Mar 29 2026 01:04:07[0m
[0;32mI (25) boot: Multicore bootloader[0m
[0;32mI (25) boot: chip revision: v0.2[0m
[0;32mI (28) boot: efuse block revision: v1.3[0m
[0;32mI (31) boot.esp32s3: Boot SPI Speed : 80MHz[0m
[0;32mI (35) boot.esp32s3: SPI Mode       : DIO[0m
[0;32mI (39) boot.esp32s3: SPI Flash Size : 2MB[0m
[0;32mI (43) boot: Enabling RNG early entropy source...[0m
[0;32mI (47) boot: Partition Table:[0m
[0;32mI (50) boot: ## Label            Usage          Type ST Offset   Length[0m
[0;32mI (56) boot:  0 nvs              WiFi data        01 02 00009000 00006000[0m
[0;32mI (63) boot:  1 phy_init         RF data          01 01 0000f000 00001000[0m
[0;32mI (69) boot:  2 factory          factory app      00 00 00010000 00100000[0m
[0;32mI (76) boot: End of partition table[0m
[0;32mI (79) esp_image: segment 0: paddr=00010020 vaddr=3c020020 size=0a1ach ( 41388) map[0m
[0;32mI (94) esp_image: segment 1: paddr=0001a1d4 vaddr=3fc92500 size=02af0h ( 10992) load[0m
[0;32mI (96) esp_image: segment 2: paddr=0001cccc vaddr=40374000 size=0334ch ( 13132) load[0m
[0;32mI (104) esp_image: segment 3: paddr=00020020 vaddr=42000020 size=13484h ( 78980) map[0m
[0;32mI (123) esp_image: segment 4: paddr=000334ac vaddr=4037734c size=0b17ch ( 45436) load[0m
[0;32mI (133) esp_image: segment 5: paddr=0003e630 vaddr=50000000 size=00020h (    32) load[0m
[0;32mI (139) boot: Loaded app from partition at offset 0x10000[0m
[0;32mI (139) boot: Disabling RNG early entropy source...[0m
[0;32mI (150) cpu_start: Multicore app[0m
[0;32mI (159) cpu_start: GPIO 44 and 43 are used as console UART I/O pins[0m
[0;32mI (160) cpu_start: Pro cpu start user code[0m
[0;32mI (160) cpu_start: cpu freq: 160000000 Hz[0m
[0;32mI (161) app_init: Application information:[0m
[0;32mI (165) app_init: Project name:     sensor_test[0m
[0;32mI (169) app_init: App version:      1[0m
[0;32mI (173) app_init: Compile time:     Mar 29 2026 01:03:58[0m
[0;32mI (178) app_init: ELF file SHA256:  c08010d55...[0m
[0;32mI (182) app_init: ESP-IDF:          v5.5.2[0m
[0;32mI (186) efuse_init: Min chip rev:     v0.0[0m
[0;32mI (190) efuse_init: Max chip rev:     v0.99 [0m
[0;32mI (194) efuse_init: Chip rev:         v0.2[0m
[0;32mI (198) heap_init: Initializing. RAM available for dynamic allocation:[0m
[0;32mI (204) heap_init: At 3FC958C8 len 00053E48 (335 KiB): RAM[0m
[0;32mI (209) heap_init: At 3FCE9710 len 00005724 (21 KiB): RAM[0m
[0;32mI (214) heap_init: At 3FCF0000 len 00008000 (32 KiB): DRAM[0m
[0;32mI (219) heap_init: At 600FE000 len 00001FE8 (7 KiB): RTCRAM[0m
[0;32mI (226) spi_flash: detected chip: boya[0m
[0;32mI (228) spi_flash: flash io: dio[0m
[0;33mW (231) spi_flash: Detected size(16384k) larger than the size in the binary image header(2048k). Using the size in the binary image header.[0m
[0;32mI (243) sleep_gpio: Configure to isolate all GPIO pins in sleep state[0m
[0;32mI (250) sleep_gpio: Enable automatic switching of GPIO sleep configuration[0m
[0;32mI (257) main_task: Started on CPU0[0m
[0;32mI (277) main_task: Calling app_main()[0m
{"moisture":0.1,"ph":5.49,"ec":1.062,"temp":11.9,"n":61.0,"p":23.9,"k":116.4}
{"moisture":23.6,"ph":4.48,"ec":1.010,"temp":32.5,"n":129.2,"p":188.9,"k":188.9}
{"moisture":64.0,"ph":6.77,"ec":0.897,"temp":11.2,"n":145.8,"p":152.8,"k":21.7}
{"moisture":48.1,"ph":5.94,"ec":3.708,"temp":18.9,"n":27.5,"p":145.6,"k":68.2}
{"moisture":29.6,"ph":5.39,"ec":4.694,"temp":36.8,"n":58.9,"p":0.9,"k":134.7}
{"moisture":6.3,"ph":4.22,"ec":1.690,"temp":25.6,"n":116.1,"p":100.4,"k":166.8}
{"moisture":75.7,"ph":8.29,"ec":1.449,"temp":34.1,"n":35.6,"p":126.9,"k":124.7}
{"moisture":35.7,"ph":5.47,"ec":4.329,"temp":39.1,"n":175.0,"p":167.3,"k":90.9}
{"moisture":67.4,"ph":7.71,"ec":2.076,"temp":35.3,"n":101.8,"p":183.8,"k":19.8}
{"moisture":38.8,"ph":7.00,"ec":1.173,"temp":23.4,"n":36.3,"p":151.9,"k":171.0}
{"moisture":10.3,"ph":7.89,"ec":4.356,"temp":11.3,"n":153.8,"p":17.7,"k":80.7}
{"moisture":88.9,"ph":7.26,"ec":0.979,"temp":29.1,"n":185.4,"p":129.6,"k":8.3}
{"moisture":91.1,"ph":8.90,"ec":4.981,"temp":17.4,"n":180.0,"p":177.7,"k":155.5}
{"moisture":94.6,"ph":4.01,"ec":0.056,"temp":18.7,"n":196.7,"p":99.5,"k":99.3}
{"moisture":66.4,"ph":6.84,"ec":3.823,"temp":25.8,"n":45.3,"p":27.2,"k":1.5}
{"moisture":67.7,"ph":6.61,"ec":0.475,"temp":22.4,"n":174.2,"p":147.9,"k":172.0}
{"moisture":29.5,"ph":5.01,"ec":2.912,"temp":22.8,"n":178.2,"p":141.6,"k":72.4}
