Command: C:\Espressif\python_env\idf5.5_py3.11_env\Scripts\python.exe C:\Espressif\frameworks\esp-idf-v5.5.2\tools/idf_monitor.py -p COM5 -b 115200 --toolchain-prefix xtensa-esp32s3-elf- --target esp32s3 --revision 0 Q:\Documents\Claude\ESP32 Color Code\node_esp\build\node_esp.elf Q:\Documents\Claude\ESP32 Color Code\node_esp\build\bootloader\bootloader.elf --force-color -m 'C:\Espressif\python_env\idf5.5_py3.11_env\Scripts\python.exe' 'C:\Espressif\frameworks\esp-idf-v5.5.2\tools\idf.py'
ESP-ROM:esp32s3-20210327
Build:Mar 27 2021
rst:0x1 (POWERON),boot:0x8 (SPI_FAST_FLASH_BOOT)
SPIWP:0xee
mode:DIO, clock div:1
load:0x3fce2820,len:0x158c
load:0x403c8700,len:0xd24
load:0x403cb700,len:0x2f34
entry 0x403c8924
[0;32mI (24) boot: ESP-IDF v5.5.2 2nd stage bootloader[0m
[0;32mI (25) boot: compile time Mar 30 2026 22:54:14[0m
[0;32mI (25) boot: Multicore bootloader[0m
[0;32mI (25) boot: chip revision: v0.2[0m
[0;32mI (28) boot: efuse block revision: v1.3[0m
[0;32mI (31) boot.esp32s3: Boot SPI Speed : 80MHz[0m
[0;32mI (35) boot.esp32s3: SPI Mode       : DIO[0m
[0;32mI (39) boot.esp32s3: SPI Flash Size : 2MB[0m
[0;32mI (43) boot: Enabling RNG early entropy source...[0m
[0;32mI (47) boot: Partition Table:[0m
[0;32mI (50) boot: ## Label            Usage          Type ST Offset   Length[0m
[0;32mI (56) boot:  0 nvs              WiFi data        01 02 00009000 00006000[0m
[0;32mI (63) boot:  1 phy_init         RF data          01 01 0000f000 00001000[0m
[0;32mI (69) boot:  2 factory          factory app      00 00 00010000 00100000[0m
[0;32mI (76) boot: End of partition table[0m
[0;32mI (79) esp_image: segment 0: paddr=00010020 vaddr=3c080020 size=19938h (104760) map[0m
[0;32mI (105) esp_image: segment 1: paddr=00029960 vaddr=3fc9a700 size=04a1ch ( 18972) load[0m
[0;32mI (109) esp_image: segment 2: paddr=0002e384 vaddr=40374000 size=01c94h (  7316) load[0m
[0;32mI (111) esp_image: segment 3: paddr=00030020 vaddr=42000020 size=7feach (523948) map[0m
[0;32mI (209) esp_image: segment 4: paddr=000afed4 vaddr=40375c94 size=14a20h ( 84512) load[0m
[0;32mI (227) esp_image: segment 5: paddr=000c48fc vaddr=50000000 size=00020h (    32) load[0m
[0;32mI (236) boot: Loaded app from partition at offset 0x10000[0m
[0;32mI (236) boot: Disabling RNG early entropy source...[0m
[0;32mI (246) cpu_start: Multicore app[0m
[0;32mI (255) cpu_start: GPIO 44 and 43 are used as console UART I/O pins[0m
[0;32mI (256) cpu_start: Pro cpu start user code[0m
[0;32mI (256) cpu_start: cpu freq: 160000000 Hz[0m
[0;32mI (257) app_init: Application information:[0m
[0;32mI (261) app_init: Project name:     base_station_esp[0m
[0;32mI (266) app_init: App version:      1[0m
[0;32mI (269) app_init: Compile time:     Mar 30 2026 22:54:05[0m
[0;32mI (274) app_init: ELF file SHA256:  2e4c2ef6a...[0m
[0;32mI (278) app_init: ESP-IDF:          v5.5.2[0m
[0;32mI (282) efuse_init: Min chip rev:     v0.0[0m
[0;32mI (286) efuse_init: Max chip rev:     v0.99 [0m
[0;32mI (290) efuse_init: Chip rev:         v0.2[0m
[0;32mI (294) heap_init: Initializing. RAM available for dynamic allocation:[0m
[0;32mI (300) heap_init: At 3FCA2E40 len 000468D0 (282 KiB): RAM[0m
[0;32mI (305) heap_init: At 3FCE9710 len 00005724 (21 KiB): RAM[0m
[0;32mI (310) heap_init: At 3FCF0000 len 00008000 (32 KiB): DRAM[0m
[0;32mI (316) heap_init: At 600FE000 len 00001FE8 (7 KiB): RTCRAM[0m
[0;32mI (322) spi_flash: detected chip: boya[0m
[0;32mI (324) spi_flash: flash io: dio[0m
[0;33mW (327) spi_flash: Detected size(16384k) larger than the size in the binary image header(2048k). Using the size in the binary image header.[0m
[0;32mI (340) sleep_gpio: Configure to isolate all GPIO pins in sleep state[0m
[0;32mI (346) sleep_gpio: Enable automatic switching of GPIO sleep configuration[0m
[0;32mI (353) main_task: Started on CPU0[0m
[0;32mI (373) main_task: Calling app_main()[0m
[0;32mI (383) pp: pp rom version: e7ae62f[0m
[0;32mI (383) net80211: net80211 rom version: e7ae62f[0m
[0;32mI (393) wifi:wifi driver task: 3fca7bf0, prio:23, stack:6656, core=0[0m
[0;32mI (393) wifi:wifi firmware version: ee91c8c[0m
[0;32mI (393) wifi:wifi certification version: v7.0[0m
[0;32mI (393) wifi:config NVS flash: enabled[0m
[0;32mI (403) wifi:config nano formatting: disabled[0m
[0;32mI (403) wifi:Init data frame dynamic rx buffer num: 32[0m
[0;32mI (413) wifi:Init static rx mgmt buffer num: 5[0m
[0;32mI (413) wifi:Init management short buffer num: 32[0m
[0;32mI (413) wifi:Init dynamic tx buffer num: 32[0m
[0;32mI (423) wifi:Init static tx FG buffer num: 2[0m
[0;32mI (423) wifi:Init static rx buffer size: 1600[0m
[0;32mI (433) wifi:Init static rx buffer num: 10[0m
[0;32mI (433) wifi:Init dynamic rx buffer num: 32[0m
[0;32mI (433) wifi_init: rx ba win: 6[0m
[0;32mI (443) wifi_init: accept mbox: 6[0m
[0;32mI (443) wifi_init: tcpip mbox: 32[0m
[0;32mI (443) wifi_init: udp mbox: 6[0m
[0;32mI (443) wifi_init: tcp mbox: 6[0m
[0;32mI (453) wifi_init: tcp tx win: 5760[0m
[0;32mI (453) wifi_init: tcp rx win: 5760[0m
[0;32mI (453) wifi_init: tcp mss: 1440[0m
[0;32mI (463) wifi_init: WiFi IRAM OP enabled[0m
[0;32mI (463) wifi_init: WiFi RX IRAM OP enabled[0m
[0;32mI (473) phy_init: phy_version 711,97bcf0a2,Aug 25 2025,19:04:10[0m
[0;32mI (513) phy_init: Saving new calibration data due to checksum failure or outdated calibration data, mode(0)[0m
[0;32mI (523) wifi:mode : sta (90:70:69:06:f4:0c)[0m
[0;32mI (523) wifi:enable tsf[0m
[0;32mI (533) base_station_esp: Base Station MAC: 90:70:69:06:F4:0C[0m
[0;32mI (533) ESPNOW: espnow [version: 2.0] init[0m
[0;32mI (533) base_station_esp: Waiting for data from Node ESP...[0m
{"moisture":59.7,"ph":8.06,"ec":0.014,"temp":25.8,"n":43.5,"p":176.3,"k":54.9}
{"moisture":69.0,"ph":6.75,"ec":0.102,"temp":26.6,"n":82.0,"p":159.5,"k":83.5}
{"moisture":5.3,"ph":4.66,"ec":1.424,"temp":15.4,"n":163.2,"p":181.3,"k":7.8}
{"moisture":73.8,"ph":4.78,"ec":4.942,"temp":25.0,"n":36.4,"p":144.3,"k":182.5}
{"moisture":38.1,"ph":4.85,"ec":1.908,"temp":36.9,"n":72.9,"p":146.0,"k":25.8}
{"moisture":60.0,"ph":8.77,"ec":2.780,"temp":34.4,"n":45.6,"p":96.3,"k":53.1}
{"moisture":36.9,"ph":8.51,"ec":2.001,"temp":33.0,"n":158.8,"p":107.9,"k":156.5}
{"moisture":6.9,"ph":8.39,"ec":3.883,"temp":22.9,"n":25.1,"p":35.4,"k":4.5}
{"moisture":2.5,"ph":7.59,"ec":2.413,"temp":13.6,"n":135.5,"p":174.6,"k":33.5}
{"moisture":54.2,"ph":6.74,"ec":1.399,"temp":13.6,"n":54.9,"p":183.0,"k":80.6}
{"moisture":67.3,"ph":4.05,"ec":4.509,"temp":36.6,"n":52.4,"p":105.4,"k":40.3}
{"moisture":36.5,"ph":7.03,"ec":2.545,"temp":39.3,"n":197.8,"p":175.2,"k":62.1}
{"moisture":66.7,"ph":8.41,"ec":3.749,"temp":25.6,"n":17.3,"p":38.4,"k":132.2}
{"moisture":47.3,"ph":8.00,"ec":1.313,"temp":35.6,"n":73.5,"p":123.9,"k":4.4}
{"moisture":36.4,"ph":7.08,"ec":3.051,"temp":33.2,"n":108.6,"p":48.3,"k":48.1}
{"moisture":47.0,"ph":4.09,"ec":1.050,"temp":27.5,"n":44.3,"p":128.7,"k":42.4}
{"moisture":11.9,"ph":7.57,"ec":2.277,"temp":38.0,"n":173.1,"p":87.9,"k":40.4}
{"moisture":93.9,"ph":6.05,"ec":4.903,"temp":14.7,"n":181.1,"p":192.3,"k":10.3}
{"moisture":39.3,"ph":4.17,"ec":3.730,"temp":19.7,"n":173.5,"p":84.5,"k":198.2}
{"moisture":99.9,"ph":7.04,"ec":1.353,"temp":21.3,"n":187.8,"p":42.4,"k":131.7}
{"moisture":40.5,"ph":7.51,"ec":1.904,"temp":19.1,"n":122.9,"p":144.4,"k":116.4}
{"moisture":46.0,"ph":6.61,"ec":4.642,"temp":19.9,"n":51.7,"p":25.3,"k":46.4}
{"moisture":89.8,"ph":4.24,"ec":1.539,"temp":10.4,"n":131.6,"p":170.7,"k":58.4}
{"moisture":25.5,"ph":7.36,"ec":2.492,"temp":25.5,"n":65.0,"p":62.7,"k":89.6}
{"moisture":41.2,"ph":5.95,"ec":0.150,"temp":39.6,"n":12.7,"p":19.5,"k":139.4}
{"moisture":88.9,"ph":8.45,"ec":3.483,"temp":36.4,"n":132.3,"p":21.7,"k":100.9}
{"moisture":96.9,"ph":8.11,"ec":4.686,"temp":18.1,"n":16.9,"p":189.1,"k":6.8}
{"moisture":17.4,"ph":8.86,"ec":0.096,"temp":26.0,"n":136.6,"p":31.4,"k":81.0}
{"moisture":90.9,"ph":4.31,"ec":3.997,"temp":21.5,"n":153.1,"p":32.9,"k":113.0}
{"moisture":14.9,"ph":6.68,"ec":2.813,"temp":32.5,"n":41.7,"p":48.3,"k":3.6}
{"moisture":18.4,"ph":5.33,"ec":1.432,"temp":13.1,"n":195.3,"p":41.1,"k":51.8}
{"moisture":73.8,"ph":8.81,"ec":0.775,"temp":10.3,"n":39.6,"p":178.7,"k":111.3}
{"moisture":64.2,"ph":5.87,"ec":3.275,"temp":34.2,"n":144.6,"p":42.1,"k":133.7}
{"moisture":38.0,"ph":7.03,"ec":2.034,"temp":10.7,"n":186.4,"p":34.1,"k":152.5}
{"moisture":31.3,"ph":6.21,"ec":4.549,"temp":10.4,"n":173.0,"p":79.3,"k":136.6}
{"moisture":83.6,"ph":5.69,"ec":0.618,"temp":33.5,"n":63.5,"p":99.5,"k":191.7}
{"moisture":89.9,"ph":6.12,"ec":0.687,"temp":38.7,"n":136.8,"p":3.6,"k":104.5}
{"moisture":59.9,"ph":7.31,"ec":0.945,"temp":14.7,"n":47.6,"p":23.1,"k":58.1}
{"moisture":50.1,"ph":6.18,"ec":1.273,"temp":25.6,"n":126.3,"p":117.8,"k":164.4}
{"moisture":65.8,"ph":4.64,"ec":2.395,"temp":20.9,"n":194.5,"p":129.9,"k":45.9}
{"moisture":81.0,"ph":8.86,"ec":4.925,"temp":13.1,"n":81.2,"p":35.9,"k":99.6}
{"moisture":0.7,"ph":7.83,"ec":0.996,"temp":22.8,"n":199.2,"p":47.1,"k":37.9}
{"moisture":52.6,"ph":7.04,"ec":2.536,"temp":37.5,"n":119.8,"p":114.9,"k":118.3}
{"moisture":55.8,"ph":6.43,"ec":1.090,"temp":12.0,"n":66.3,"p":182.6,"k":96.3}
{"moisture":91.9,"ph":4.75,"ec":0.316,"temp":34.3,"n":63.0,"p":1.6,"k":83.0}
{"moisture":24.6,"ph":5.16,"ec":3.018,"temp":29.9,"n":84.1,"p":19.9,"k":125.9}
{"moisture":84.2,"ph":6.35,"ec":2.095,"temp":10.7,"n":98.8,"p":194.7,"k":44.4}
{"moisture":22.3,"ph":7.61,"ec":4.649,"temp":14.1,"n":35.3,"p":143.2,"k":58.7}
{"moisture":38.6,"ph":4.46,"ec":1.527,"temp":34.4,"n":171.3,"p":23.2,"k":176.4}
{"moisture":53.3,"ph":7.98,"ec":1.586,"temp":24.9,"n":62.2,"p":13.8,"k":36.0}
{"moisture":20.1,"ph":8.26,"ec":2.692,"temp":32.7,"n":1.0,"p":40.4,"k":130.8}
{"moisture":70.2,"ph":4.01,"ec":1.413,"temp":28.5,"n":146.2,"p":184.6,"k":40.4}
{"moisture":10.9,"ph":6.52,"ec":4.981,"temp":20.3,"n":184.8,"p":89.0,"k":145.9}
{"moisture":85.4,"ph":8.87,"ec":2.828,"temp":36.9,"n":37.5,"p":108.0,"k":166.8}
{"moisture":84.9,"ph":8.48,"ec":1.501,"temp":26.6,"n":146.9,"p":188.3,"k":87.1}
{"moisture":79.0,"ph":4.04,"ec":2.972,"temp":13.0,"n":87.6,"p":114.8,"k":4.3}
{"moisture":57.1,"ph":4.16,"ec":1.937,"temp":37.8,"n":94.9,"p":54.5,"k":25.4}
{"moisture":31.6,"ph":7.22,"ec":0.534,"temp":29.1,"n":119.0,"p":150.6,"k":108.2}
{"moisture":97.9,"ph":8.94,"ec":3.576,"temp":21.0,"n":100.4,"p":78.4,"k":73.7}
{"moisture":66.4,"ph":6.56,"ec":3.632,"temp":29.1,"n":62.1,"p":184.4,"k":89.9}
{"moisture":45.6,"ph":8.26,"ec":1.884,"temp":20.6,"n":135.3,"p":152.9,"k":10.1}
{"moisture":61.7,"ph":5.47,"ec":4.266,"temp":14.7,"n":5.4,"p":26.3,"k":91.0}
{"moisture":84.8,"ph":8.34,"ec":2.749,"temp":17.8,"n":93.4,"p":132.8,"k":188.9}
{"moisture":92.2,"ph":8.43,"ec":1.146,"temp":32.2,"n":104.9,"p":134.1,"k":62.9}
{"moisture":97.8,"ph":6.93,"ec":0.786,"temp":20.5,"n":97.5,"p":146.8,"k":104.1}
{"moisture":56.6,"ph":4.13,"ec":1.368,"temp":21.8,"n":63.0,"p":92.5,"k":191.2}
