Command: C:\Espressif\python_env\idf5.5_py3.11_env\Scripts\python.exe C:\Espressif\frameworks\esp-idf-v5.5.2\tools/idf_monitor.py -p COM5 -b 115200 --toolchain-prefix xtensa-esp32s3-elf- --target esp32s3 --revision 0 Q:\Documents\Claude\ESP32 Color Code\base_station_esp\build\base_station_esp.elf Q:\Documents\Claude\ESP32 Color Code\base_station_esp\build\bootloader\bootloader.elf --force-color -m 'C:\Espressif\python_env\idf5.5_py3.11_env\Scripts\python.exe' 'C:\Espressif\frameworks\esp-idf-v5.5.2\tools\idf.py' '-p' 'COM5'
ESP-ROM:esp32s3-20210327�ESP-ROM:esp32s3-20210327
Build:Mar 27 2021
rst:0x1 (POWERON),boot:0x8 (SPI_FAST_FLASH_BOOT)
SPIWP:0xee
mode:DIO, clock div:1
load:0x3fce2820,len:0x158c
load:0x403c8700,len:0xd24
load:0x403cb700,len:0x2f34
entry 0x403c8924
[0;32mI (24) boot: ESP-IDF v5.5.2 2nd stage bootloader[0m
[0;32mI (25) boot: compile time Mar 30 2026 22:54:14[0m
[0;32mI (25) boot: Multicore bootloader[0m
[0;32mI (25) boot: chip revision: v0.2[0m
[0;32mI (28) boot: efuse block revision: v1.3[0m
[0;32mI (31) boot.esp32s3: Boot SPI Speed : 80MHz[0m
[0;32mI (35) boot.esp32s3: SPI Mode       : DIO[0m
[0;32mI (39) boot.esp32s3: SPI Flash Size : 2MB[0m
[0;32mI (43) boot: Enabling RNG early entropy source...[0m
[0;32mI (47) boot: Partition Table:[0m
[0;32mI (50) boot: ## Label            Usage          Type ST Offset   Length[0m
[0;32mI (56) boot:  0 nvs              WiFi data        01 02 00009000 00006000[0m
[0;32mI (63) boot:  1 phy_init         RF data          01 01 0000f000 00001000[0m
[0;32mI (69) boot:  2 factory          factory app      00 00 00010000 00100000[0m
[0;32mI (76) boot: End of partition table[0m
[0;32mI (79) esp_image: segment 0: paddr=00010020 vaddr=3c080020 size=19938h (104760) map[0m
[0;32mI (105) esp_image: segment 1: paddr=00029960 vaddr=3fc9a700 size=04a1ch ( 18972) load[0m
[0;32mI (109) esp_image: segment 2: paddr=0002e384 vaddr=40374000 size=01c94h (  7316) load[0m
[0;32mI (111) esp_image: segment 3: paddr=00030020 vaddr=42000020 size=7feach (523948) map[0m
[0;32mI (209) esp_image: segment 4: paddr=000afed4 vaddr=40375c94 size=14a20h ( 84512) load[0m
[0;32mI (227) esp_image: segment 5: paddr=000c48fc vaddr=50000000 size=00020h (    32) load[0m
[0;32mI (236) boot: Loaded app from partition at offset 0x10000[0m
[0;32mI (236) boot: Disabling RNG early entropy source...[0m
[0;32mI (246) cpu_start: Multicore app[0m
[0;32mI (255) cpu_start: GPIO 44 and 43 are used as console UART I/O pins[0m
[0;32mI (256) cpu_start: Pro cpu start user code[0m
[0;32mI (256) cpu_start: cpu freq: 160000000 Hz[0m
[0;32mI (257) app_init: Application information:[0m
[0;32mI (261) app_init: Project name:     base_station_esp[0m
[0;32mI (266) app_init: App version:      1[0m
[0;32mI (269) app_init: Compile time:     Mar 30 2026 22:54:05[0m
[0;32mI (274) app_init: ELF file SHA256:  2e4c2ef6a...[0m
[0;32mI (278) app_init: ESP-IDF:          v5.5.2[0m
[0;32mI (282) efuse_init: Min chip rev:     v0.0[0m
[0;32mI (286) efuse_init: Max chip rev:     v0.99 [0m
[0;32mI (290) efuse_init: Chip rev:         v0.2[0m
[0;32mI (294) heap_init: Initializing. RAM available for dynamic allocation:[0m
[0;32mI (300) heap_init: At 3FCA2E40 len 000468D0 (282 KiB): RAM[0m
[0;32mI (305) heap_init: At 3FCE9710 len 00005724 (21 KiB): RAM[0m
[0;32mI (310) heap_init: At 3FCF0000 len 00008000 (32 KiB): DRAM[0m
[0;32mI (316) heap_init: At 600FE000 len 00001FE8 (7 KiB): RTCRAM[0m
[0;32mI (322) spi_flash: detected chip: boya[0m
[0;32mI (324) spi_flash: flash io: dio[0m
[0;33mW (327) spi_flash: Detected size(16384k) larger than the size in the binary image header(2048k). Using the size in the binary image header.[0m
[0;32mI (340) sleep_gpio: Configure to isolate all GPIO pins in sleep state[0m
[0;32mI (346) sleep_gpio: Enable automatic switching of GPIO sleep configuration[0m
[0;32mI (353) main_task: Started on CPU0[0m
[0;32mI (373) main_task: Calling app_main()[0m
[0;32mI (383) pp: pp rom version: e7ae62f[0m
[0;32mI (383) net80211: net80211 rom version: e7ae62f[0m
[0;32mI (403) wifi:wifi driver task: 3fceec44, prio:23, stack:6656, core=0[0m
[0;32mI (403) wifi:wifi firmware version: ee91c8c[0m
[0;32mI (403) wifi:wifi certification version: v7.0[0m
[0;32mI (403) wifi:config NVS flash: enabled[0m
[0;32mI (403) wifi:config nano formatting: disabled[0m
[0;32mI (413) wifi:Init data frame dynamic rx buffer num: 32[0m
[0;32mI (413) wifi:Init static rx mgmt buffer num: 5[0m
[0;32mI (413) wifi:Init management short buffer num: 32[0m
[0;32mI (423) wifi:Init dynamic tx buffer num: 32[0m
[0;32mI (423) wifi:Init static tx FG buffer num: 2[0m
[0;32mI (433) wifi:Init static rx buffer size: 1600[0m
[0;32mI (433) wifi:Init static rx buffer num: 10[0m
[0;32mI (443) wifi:Init dynamic rx buffer num: 32[0m
[0;32mI (443) wifi_init: rx ba win: 6[0m
[0;32mI (443) wifi_init: accept mbox: 6[0m
[0;32mI (443) wifi_init: tcpip mbox: 32[0m
[0;32mI (453) wifi_init: udp mbox: 6[0m
[0;32mI (453) wifi_init: tcp mbox: 6[0m
[0;32mI (453) wifi_init: tcp tx win: 5760[0m
[0;32mI (463) wifi_init: tcp rx win: 5760[0m
[0;32mI (463) wifi_init: tcp mss: 1440[0m
[0;32mI (463) wifi_init: WiFi IRAM OP enabled[0m
[0;32mI (473) wifi_init: WiFi RX IRAM OP enabled[0m
[0;32mI (473) phy_init: phy_version 711,97bcf0a2,Aug 25 2025,19:04:10[0m
[0;33mW (483) phy_init: failed to load RF calibration data (0x1102), falling back to full calibration[0m
[0;32mI (523) phy_init: Saving new calibration data due to checksum failure or outdated calibration data, mode(2)[0m
[0;32mI (533) wifi:mode : sta (90:70:69:06:f4:0c)[0m
[0;32mI (533) wifi:enable tsf[0m
[0;32mI (533) base_station_esp: Base Station MAC: 90:70:69:06:F4:0C[0m
[0;32mI (533) ESPNOW: espnow [version: 2.0] init[0m
[0;32mI (533) base_station_esp: Waiting for data from Node ESP...[0m
